// Jest Snapshot v1, https://goo.gl/fbAQLP

exports[`QuoterV2 quotes #quoteExactInput 0 -> 2 -> 1 1`] = `322277`;

exports[`QuoterV2 quotes #quoteExactInput 0 -> 2 cross 0 tick, starting tick initialized 1`] = `124091`;

exports[`QuoterV2 quotes #quoteExactInput 0 -> 2 cross 0 tick, starting tick not initialized 1`] = `101256`;

exports[`QuoterV2 quotes #quoteExactInput 0 -> 2 cross 1 tick 1`] = `167358`;

exports[`QuoterV2 quotes #quoteExactInput 0 -> 2 cross 2 tick 1`] = `205102`;

exports[`QuoterV2 quotes #quoteExactInput 0 -> 2 cross 2 tick where after is initialized 1`] = `167396`;

exports[`QuoterV2 quotes #quoteExactInput 2 -> 0 cross 0 tick, starting tick initialized 1`] = `97801`;

exports[`QuoterV2 quotes #quoteExactInput 2 -> 0 cross 0 tick, starting tick not initialized 1`] = `93926`;

exports[`QuoterV2 quotes #quoteExactInput 2 -> 0 cross 2 1`] = `197777`;

exports[`QuoterV2 quotes #quoteExactInput 2 -> 0 cross 2 where tick after is initialized 1`] = `197785`;

exports[`QuoterV2 quotes #quoteExactInput 2 -> 1 1`] = `119679`;

exports[`QuoterV2 quotes #quoteExactInputSingle 0 -> 2 1`] = `205084`;

exports[`QuoterV2 quotes #quoteExactInputSingle 2 -> 0 1`] = `197749`;

exports[`QuoterV2 quotes #quoteExactOutput 0 -> 2 -> 1 1`] = `321877`;

exports[`QuoterV2 quotes #quoteExactOutput 0 -> 2 cross 0 tick starting tick initialized 1`] = `123646`;

exports[`QuoterV2 quotes #quoteExactOutput 0 -> 2 cross 0 tick starting tick not initialized 1`] = `100831`;

exports[`QuoterV2 quotes #quoteExactOutput 0 -> 2 cross 1 tick 1`] = `166644`;

exports[`QuoterV2 quotes #quoteExactOutput 0 -> 2 cross 2 tick 1`] = `204144`;

exports[`QuoterV2 quotes #quoteExactOutput 0 -> 2 cross 2 where tick after is initialized 1`] = `166682`;

exports[`QuoterV2 quotes #quoteExactOutput 2 -> 0 cross 1 tick 1`] = `160355`;

exports[`QuoterV2 quotes #quoteExactOutput 2 -> 0 cross 2 ticks 1`] = `197847`;

exports[`QuoterV2 quotes #quoteExactOutput 2 -> 0 cross 2 where tick after is initialized 1`] = `197841`;

exports[`QuoterV2 quotes #quoteExactOutput 2 -> 1 1`] = `120220`;

exports[`QuoterV2 quotes #quoteExactOutputSingle 0 -> 1 1`] = `127687`;

exports[`QuoterV2 quotes #quoteExactOutputSingle 1 -> 0 1`] = `120861`;
